0B AB FF AF C4 2A 00 00 00 00 00 00 00 00 00 00 00 00 00 00 00 01 64 00
0B 9B FF 7A 62 0D 00 00 00 00 00 00 00 00 00 00 00 00 00 00 00 01 64 00
0B 9B FF 7A 62 0D 00 00 00 00 00 00 00 00 00 00 00 00 00 00 00 01 64 00
0B 9B FF 76 62 0D 00 00 00 00 00 00 00 00 00 00 00 00 00 00 00 01 64 00
0B 9B FF 6F 92 0D 00 00 00 00 00 00 00 00 00 00 00 00 00 00 00 01 64 00
0B 9B FF 68 E2 0D 00 00 00 00 00 00 00 00 00 00 00 00 00 00 00 01 64 00
0B 9B FF 5F 22 0E 00 00 00 00 00 00 00 00 00 00 00 00 00 00 00 01 64 00
0B 9B FF 56 72 0E 00 00 00 00 00 00 00 00 00 00 00 00 00 00 00 01 64 00
0B 9B FF 4C D2 0E 00 00 00 00 00 00 00 00 00 00 00 00 00 00 00 01 64 00
0B 9B FF 41 42 0F 00 00 00 00 00 00 00 00 00 00 00 00 00 00 00 01 64 00
0B 9B FF 37 B2 0F 00 00 00 00 00 00 00 00 00 00 00 00 00 00 00 01 64 00
0B 9B FF 32 12 10 00 00 00 00 00 00 00 00 00 00 00 00 00 00 00 01 64 00
0B 9B FF 2A 62 10 00 00 00 00 00 00 00 00 00 00 00 00 00 00 00 01 64 00
0B 9B FF 21 C2 10 00 00 00 00 00 00 00 00 00 00 00 00 00 00 00 01 64 00
0B 9B FF 18 12 11 00 00 00 00 00 00 00 00 00 00 00 00 00 00 00 01 64 00
0B 9B FF 10 62 11 00 00 00 00 00 00 00 00 00 00 00 00 00 00 00 01 64 00
0B 9B FF 07 B2 11 00 00 00 00 00 00 00 00 00 00 00 00 00 00 00 01 64 00
0B 9B FF FF 01 12 00 00 00 00 00 00 00 00 00 00 00 00 00 00 00 01 64 00
0B 9B FF F7 51 12 00 00 00 00 00 00 00 00 00 00 00 00 00 00 00 01 64 00
0B 9B FF F0 91 12 00 00 00 00 00 00 00 00 00 00 00 00 00 00 00 01 64 00
0B 9B FF E8 E1 12 00 00 00 00 00 00 00 00 00 00 00 00 00 00 00 01 64 00
0B 9B FF E2 21 13 00 00 00 00 00 00 00 00 00 00 00 00 00 00 00 01 64 00
0B 9B FF D2 B1 13 00 00 00 00 00 00 00 00 00 00 00 00 00 00 00 01 64 00
0B 9B FF CA E1 13 00 00 00 00 00 00 00 00 00 00 00 00 00 00 00 01 64 00
0B 9B FF C3 21 14 00 00 00 00 00 00 00 00 00 00 00 00 00 00 00 01 64 00
0B 9B FF BB 61 14 00 00 00 00 00 00 00 00 00 00 00 00 00 00 00 01 64 00
0B 9B FF B5 A1 14 00 00 00 00 00 00 00 00 00 00 00 00 00 00 00 01 64 00
0B 9B FF AF E1 14 00 00 00 00 00 00 00 00 00 00 00 00 00 00 00 01 64 00
0B 9B FF AA 21 15 00 00 00 00 00 00 00 00 00 00 00 00 00 00 00 01 64 00
0B 9B FF A5 41 15 00 00 00 00 00 00 00 00 00 00 00 00 00 00 00 01 64 00
0B 9B FF 9D 61 15 00 00 00 00 00 00 00 00 00 00 00 00 00 00 00 01 64 00
0B 9B FF 99 71 15 00 00 00 00 00 00 00 00 00 00 00 00 00 00 00 01 64 00
0B 9B FF 95 81 15 00 00 00 00 00 00 00 00 00 00 00 00 00 00 00 01 64 00
0B 9B FF 94 71 15 00 00 00 00 00 00 00 00 00 00 00 00 00 00 00 01 64 00
0B 9B FF 93 71 15 00 00 00 00 00 00 00 00 00 00 00 00 00 00 00 01 64 00
0B 9B FF 92 71 15 00 00 00 00 00 00 00 00 00 00 00 00 00 00 00 01 64 00
0B 9B FF 90 11 15 00 00 00 00 00 00 00 00 00 00 00 00 00 00 00 01 64 00
0B 9B FF 91 D1 14 00 00 00 00 00 00 00 00 00 00 00 00 00 00 00 01 64 00
0B 9B FF 93 71 14 00 00 00 00 00 00 00 00 00 00 00 00 00 00 00 01 64 00
0B 9B FF 96 01 14 00 00 00 00 00 00 00 00 00 00 00 00 00 00 00 01 64 00
0B 9B FF 99 A1 13 00 00 00 00 00 00 00 00 00 00 00 00 00 00 00 01 64 00
0B 9B FF 9E 31 13 00 00 00 00 00 00 00 00 00 00 00 00 00 00 00 01 64 00
0B 9B FF A3 B1 12 00 00 00 00 00 00 00 00 00 00 00 00 00 00 00 01 64 00
0B 9B FF A8 21 12 00 00 00 00 00 00 00 00 00 00 00 00 00 00 00 01 64 00
0B 9B FF AF A1 11 00 00 00 00 00 00 00 00 00 00 00 00 00 00 00 01 64 00
0B 9B FF B7 11 11 00 00 00 00 00 00 00 00 00 00 00 00 00 00 00 01 64 00
0B 9B FF D2 91 0F 00 00 00 00 00 00 00 00 00 00 00 00 00 00 00 01 64 00
0B 9B FF DB 11 0F 00 00 00 00 00 00 00 00 00 00 00 00 00 00 00 01 64 00
0B 9B FF F0 41 0E 00 00 00 00 00 00 00 00 00 00 00 00 00 00 00 01 64 00
0B 9B FF FA D1 0D 00 00 00 00 00 00 00 00 00 00 00 00 00 00 00 01 64 00
0B 9B FF 0E 22 0D 00 00 00 00 00 00 00 00 00 00 00 00 00 00 00 01 64 00
0B 9B FF 18 D2 0C 00 00 00 00 00 00 00 00 00 00 00 00 00 00 00 01 64 00
0B 9B FF 23 82 0C 00 00 00 00 00 00 00 00 00 00 00 00 00 00 00 01 64 00
0B 9B FF 2E 42 0C 00 00 00 00 00 00 00 00 00 00 00 00 00 00 00 01 64 00
0B 9B FF 39 12 0C 00 00 00 00 00 00 00 00 00 00 00 00 00 00 00 01 64 00
0B 9B FF 44 D2 0B 00 00 00 00 00 00 00 00 00 00 00 00 00 00 00 01 64 00
0B 9B FF 50 A2 0B 00 00 00 00 00 00 00 00 00 00 00 00 00 00 00 01 64 00
0B 9B FF 5B 72 0B 00 00 00 00 00 00 00 00 00 00 00 00 00 00 00 01 64 00
0B 9B FF 67 52 0B 00 00 00 00 00 00 00 00 00 00 00 00 00 00 00 01 64 00
0B 9B FF 71 32 0B 00 00 00 00 00 00 00 00 00 00 00 00 00 00 00 01 64 00
0B 9B FF 7B 12 0B 00 00 00 00 00 00 00 00 00 00 00 00 00 00 00 01 64 00
0B 9B FF 85 02 0B 00 00 00 00 00 00 00 00 00 00 00 00 00 00 00 01 64 00
0B 9B FF 8E F2 0A 00 00 00 00 00 00 00 00 00 00 00 00 00 00 00 01 64 00
0B 9B FF 95 E2 0A 00 00 00 00 00 00 00 00 00 00 00 00 00 00 00 01 64 00
0B 9B FF 9D D2 0A 00 00 00 00 00 00 00 00 00 00 00 00 00 00 00 01 64 00
0B 9B FF A3 E2 0A 00 00 00 00 00 00 00 00 00 00 00 00 00 00 00 01 64 00
0B 9B FF A9 E2 0A 00 00 00 00 00 00 00 00 00 00 00 00 00 00 00 01 64 00
0B 9B FF AC F2 0A 00 00 00 00 00 00 00 00 00 00 00 00 00 00 00 01 64 00
0B 9B FF B0 02 0B 00 00 00 00 00 00 00 00 00 00 00 00 00 00 00 01 64 00
0B 9B FF B2 12 0B 00 00 00 00 00 00 00 00 00 00 00 00 00 00 00 01 64 00
0B 9B FF B4 22 0B 00 00 00 00 00 00 00 00 00 00 00 00 00 00 00 01 64 00
0B 9B FF B5 42 0B 00 00 00 00 00 00 00 00 00 00 00 00 00 00 00 01 64 00
0B 9B FF B6 62 0B 00 00 00 00 00 00 00 00 00 00 00 00 00 00 00 01 64 00
0B 9B FF B5 32 0C 00 00 00 00 00 00 00 00 00 00 00 00 00 00 00 01 64 00
0B 9B FF B3 92 0C 00 00 00 00 00 00 00 00 00 00 00 00 00 00 00 01 64 00
0B 9B FF B0 02 0D 00 00 00 00 00 00 00 00 00 00 00 00 00 00 00 01 64 00
0B 9B FF 9E 92 0E 00 00 00 00 00 00 00 00 00 00 00 00 00 00 00 01 64 00
0B 9B FF 96 22 0F 00 00 00 00 00 00 00 00 00 00 00 00 00 00 00 01 64 00
0B 9B FF 8D D2 0F 00 00 00 00 00 00 00 00 00 00 00 00 00 00 00 01 64 00
0B 9B FF 83 72 10 00 00 00 00 00 00 00 00 00 00 00 00 00 00 00 01 64 00
0B 9B FF 78 12 11 00 00 00 00 00 00 00 00 00 00 00 00 00 00 00 01 64 00
0B 9B FF 6E A2 11 00 00 00 00 00 00 00 00 00 00 00 00 00 00 00 01 64 00
0B 9B FF 63 32 12 00 00 00 00 00 00 00 00 00 00 00 00 00 00 00 01 64 00
0B 9B FF 58 C2 12 00 00 00 00 00 00 00 00 00 00 00 00 00 00 00 01 64 00
0B 9B FF 41 F2 13 00 00 00 00 00 00 00 00 00 00 00 00 00 00 00 01 64 00
0B 9B FF 36 82 14 00 00 00 00 00 00 00 00 00 00 00 00 00 00 00 01 64 00
0B 9B FF 2B F2 14 00 00 00 00 00 00 00 00 00 00 00 00 00 00 00 01 64 00
0B 99 FF 23 52 15 00 00 00 00 00 00 00 00 00 00 00 00 00 00 00 01 64 00
